../Core/Src/cc1120_intf.c:53:22:registerConfig	24	static
../Core/Src/cc1120_intf.c:74:22:rfinit	16	static
../Core/Src/cc1120_intf.c:99:6:rfSendTxPacket	16	static
../Core/Src/cc1120_intf.c:111:13:createRfTxPacket	24	static
../Core/Src/cc1120_intf.c:128:6:rfRunRx	8	static
../Core/Src/cc1120_intf.c:134:6:rfRecieveRxPacket	8	static
../Core/Src/cc1120_intf.c:183:6:configAmplifier	16	static
../Core/Src/cc1120_intf.c:192:13:setAmpMode	16	static
../Core/Src/cc1120_intf.c:206:13:setAmpDirection	16	static
../Core/Src/cc1120_intf.c:231:13:updateRssi	8	static
