../Core/Src/cc112x_spi.c:50:18:cc1120SpiTRx	32	static
../Core/Src/cc112x_spi.c:64:6:cc1120_startTransaction	8	static
../Core/Src/cc112x_spi.c:72:6:cc1120_endTransaction	8	static
../Core/Src/cc112x_spi.c:94:16:cc112xSpiReadReg	32	static
../Core/Src/cc112x_spi.c:133:16:cc112xSpiWriteReg	32	static
../Core/Src/cc112x_spi.c:169:16:cc112xSpiWriteTxFifo	24	static
../Core/Src/cc112x_spi.c:190:16:cc112xSpiReadRxFifo	24	static
../Core/Src/cc112x_spi.c:221:16:cc112xGetTxStatus	8	static
../Core/Src/cc112x_spi.c:253:16:cc112xGetRxStatus	8	static
