../Core/Src/cc112x_spi.c:50:22:cc1120SpiTRx	120	static
../Core/Src/cc112x_spi.c:62:6:cc1120_startTransaction	8	static
../Core/Src/cc112x_spi.c:70:6:cc1120_endTransaction	8	static
../Core/Src/cc112x_spi.c:92:12:cc112xSpiReadReg	32	static
../Core/Src/cc112x_spi.c:131:12:cc112xSpiWriteReg	32	static
../Core/Src/cc112x_spi.c:167:12:cc112xSpiWriteTxFifo	24	static
../Core/Src/cc112x_spi.c:188:12:cc112xSpiReadRxFifo	24	static
../Core/Src/cc112x_spi.c:219:12:cc112xGetTxStatus	8	static
../Core/Src/cc112x_spi.c:251:12:cc112xGetRxStatus	8	static
